Archive member included to satisfy reference by file (symbol)

c:/users/marek/documents/stralsund/studium - bachelor motorsport engineering/studien_programme/7.0/toolchain/avr8/avr8-gnu-toolchain/bin/../lib/gcc/avr/5.4.0/../../../../avr/lib/avr51\libm.a(cmpsf2.o)
                              main.o (__ltsf2)
c:/users/marek/documents/stralsund/studium - bachelor motorsport engineering/studien_programme/7.0/toolchain/avr8/avr8-gnu-toolchain/bin/../lib/gcc/avr/5.4.0/../../../../avr/lib/avr51\libm.a(fixunssfsi.o)
                              main.o (__fixunssfsi)
c:/users/marek/documents/stralsund/studium - bachelor motorsport engineering/studien_programme/7.0/toolchain/avr8/avr8-gnu-toolchain/bin/../lib/gcc/avr/5.4.0/../../../../avr/lib/avr51\libm.a(fp_cmp.o)
                              c:/users/marek/documents/stralsund/studium - bachelor motorsport engineering/studien_programme/7.0/toolchain/avr8/avr8-gnu-toolchain/bin/../lib/gcc/avr/5.4.0/../../../../avr/lib/avr51\libm.a(cmpsf2.o) (__fp_cmp)
c:/users/marek/documents/stralsund/studium - bachelor motorsport engineering/studien_programme/7.0/toolchain/avr8/avr8-gnu-toolchain/bin/../lib/gcc/avr/5.4.0/../../../../avr/lib/avr51\libm.a(fp_split3.o)
                              c:/users/marek/documents/stralsund/studium - bachelor motorsport engineering/studien_programme/7.0/toolchain/avr8/avr8-gnu-toolchain/bin/../lib/gcc/avr/5.4.0/../../../../avr/lib/avr51\libm.a(fixunssfsi.o) (__fp_splitA)
c:/users/marek/documents/stralsund/studium - bachelor motorsport engineering/studien_programme/7.0/toolchain/avr8/avr8-gnu-toolchain/bin/../lib/gcc/avr/5.4.0/../../../../avr/lib/avr51\libm.a(fp_zero.o)
                              c:/users/marek/documents/stralsund/studium - bachelor motorsport engineering/studien_programme/7.0/toolchain/avr8/avr8-gnu-toolchain/bin/../lib/gcc/avr/5.4.0/../../../../avr/lib/avr51\libm.a(fixunssfsi.o) (__fp_zero)
c:/users/marek/documents/stralsund/studium - bachelor motorsport engineering/studien_programme/7.0/toolchain/avr8/avr8-gnu-toolchain/bin/../lib/gcc/avr/5.4.0/../../../../avr/lib/avr51\libm.a(gesf2.o)
                              main.o (__gtsf2)
c:/users/marek/documents/stralsund/studium - bachelor motorsport engineering/studien_programme/7.0/toolchain/avr8/avr8-gnu-toolchain/bin/../lib/gcc/avr/5.4.0/../../../../avr/lib/avr51\libm.a(mulsf3.o)
                              main.o (__mulsf3)
c:/users/marek/documents/stralsund/studium - bachelor motorsport engineering/studien_programme/7.0/toolchain/avr8/avr8-gnu-toolchain/bin/../lib/gcc/avr/5.4.0/../../../../avr/lib/avr51\libm.a(mulsf3x.o)
                              c:/users/marek/documents/stralsund/studium - bachelor motorsport engineering/studien_programme/7.0/toolchain/avr8/avr8-gnu-toolchain/bin/../lib/gcc/avr/5.4.0/../../../../avr/lib/avr51\libm.a(mulsf3.o) (__mulsf3x)
c:/users/marek/documents/stralsund/studium - bachelor motorsport engineering/studien_programme/7.0/toolchain/avr8/avr8-gnu-toolchain/bin/../lib/gcc/avr/5.4.0/../../../../avr/lib/avr51\libm.a(fp_inf.o)
                              c:/users/marek/documents/stralsund/studium - bachelor motorsport engineering/studien_programme/7.0/toolchain/avr8/avr8-gnu-toolchain/bin/../lib/gcc/avr/5.4.0/../../../../avr/lib/avr51\libm.a(mulsf3x.o) (__fp_inf)
c:/users/marek/documents/stralsund/studium - bachelor motorsport engineering/studien_programme/7.0/toolchain/avr8/avr8-gnu-toolchain/bin/../lib/gcc/avr/5.4.0/../../../../avr/lib/avr51\libm.a(fp_nan.o)
                              c:/users/marek/documents/stralsund/studium - bachelor motorsport engineering/studien_programme/7.0/toolchain/avr8/avr8-gnu-toolchain/bin/../lib/gcc/avr/5.4.0/../../../../avr/lib/avr51\libm.a(mulsf3x.o) (__fp_nan)
c:/users/marek/documents/stralsund/studium - bachelor motorsport engineering/studien_programme/7.0/toolchain/avr8/avr8-gnu-toolchain/bin/../lib/gcc/avr/5.4.0/../../../../avr/lib/avr51\libm.a(fp_pscA.o)
                              c:/users/marek/documents/stralsund/studium - bachelor motorsport engineering/studien_programme/7.0/toolchain/avr8/avr8-gnu-toolchain/bin/../lib/gcc/avr/5.4.0/../../../../avr/lib/avr51\libm.a(mulsf3x.o) (__fp_pscA)
c:/users/marek/documents/stralsund/studium - bachelor motorsport engineering/studien_programme/7.0/toolchain/avr8/avr8-gnu-toolchain/bin/../lib/gcc/avr/5.4.0/../../../../avr/lib/avr51\libm.a(fp_pscB.o)
                              c:/users/marek/documents/stralsund/studium - bachelor motorsport engineering/studien_programme/7.0/toolchain/avr8/avr8-gnu-toolchain/bin/../lib/gcc/avr/5.4.0/../../../../avr/lib/avr51\libm.a(mulsf3x.o) (__fp_pscB)
c:/users/marek/documents/stralsund/studium - bachelor motorsport engineering/studien_programme/7.0/toolchain/avr8/avr8-gnu-toolchain/bin/../lib/gcc/avr/5.4.0/../../../../avr/lib/avr51\libm.a(fp_round.o)
                              c:/users/marek/documents/stralsund/studium - bachelor motorsport engineering/studien_programme/7.0/toolchain/avr8/avr8-gnu-toolchain/bin/../lib/gcc/avr/5.4.0/../../../../avr/lib/avr51\libm.a(mulsf3.o) (__fp_round)
c:/users/marek/documents/stralsund/studium - bachelor motorsport engineering/studien_programme/7.0/toolchain/avr8/avr8-gnu-toolchain/bin/../lib/gcc/avr/5.4.0/avr51\libgcc.a(_exit.o)
                              C:/Users/Marek/Documents/Stralsund/Studium - Bachelor Motorsport Engineering/Studien_Programme/7.0/Packs/atmel/ATmega_DFP/1.7.374/gcc/dev/at90can128/avr51/crtat90can128.o (exit)
c:/users/marek/documents/stralsund/studium - bachelor motorsport engineering/studien_programme/7.0/toolchain/avr8/avr8-gnu-toolchain/bin/../lib/gcc/avr/5.4.0/avr51\libgcc.a(_clear_bss.o)
                              adc_functions.o (__do_clear_bss)

Allocating common symbols
Common symbol       size              file

brake_disc_temp     0x2               main.o
adc_values          0x2               adc_functions.o

Discarded input sections

 .data          0x00000000        0x0 C:/Users/Marek/Documents/Stralsund/Studium - Bachelor Motorsport Engineering/Studien_Programme/7.0/Packs/atmel/ATmega_DFP/1.7.374/gcc/dev/at90can128/avr51/crtat90can128.o
 .bss           0x00000000        0x0 C:/Users/Marek/Documents/Stralsund/Studium - Bachelor Motorsport Engineering/Studien_Programme/7.0/Packs/atmel/ATmega_DFP/1.7.374/gcc/dev/at90can128/avr51/crtat90can128.o
 .text          0x00000000        0x0 adc_functions.o
 .data          0x00000000        0x0 adc_functions.o
 .bss           0x00000000        0x0 adc_functions.o
 .text.adc_config
                0x00000000       0x48 adc_functions.o
 .text.adc_start_conversion
                0x00000000       0x24 adc_functions.o
 .text.adc_get_1
                0x00000000       0x16 adc_functions.o
 .text          0x00000000        0x0 canlib.o
 .data          0x00000000        0x0 canlib.o
 .bss           0x00000000        0x0 canlib.o
 .text.can_check_free
                0x00000000       0x7a canlib.o
 .text.can_cfg  0x00000000      0x10e canlib.o
 .text.can_rx   0x00000000      0x140 canlib.o
 .text.can_tx   0x00000000      0x128 canlib.o
 .debug_info    0x00000000      0x1da canlib.o
 .debug_abbrev  0x00000000       0xfc canlib.o
 .debug_loc     0x00000000      0x120 canlib.o
 .debug_aranges
                0x00000000       0x38 canlib.o
 .debug_ranges  0x00000000       0x28 canlib.o
 .debug_line    0x00000000      0x2f9 canlib.o
 .debug_str     0x00000000      0x1e2 canlib.o
 .comment       0x00000000       0x31 canlib.o
 .debug_frame   0x00000000       0x94 canlib.o
 .text          0x00000000        0x0 main.o
 .data          0x00000000        0x0 main.o
 .bss           0x00000000        0x0 main.o
 .bss.time_1000ms
                0x00000000        0x4 main.o
 .text          0x00000000        0x0 misc_functions.o
 .data          0x00000000        0x0 misc_functions.o
 .bss           0x00000000        0x0 misc_functions.o
 .text          0x00000000        0x0 SPI_lib_light.o
 .data          0x00000000        0x0 SPI_lib_light.o
 .bss           0x00000000        0x0 SPI_lib_light.o
 .text.SPI_SlaveInit
                0x00000000       0x58 SPI_lib_light.o
 .text.SPI_SlaveReceive
                0x00000000       0x24 SPI_lib_light.o
 .text          0x00000000        0x0 c:/users/marek/documents/stralsund/studium - bachelor motorsport engineering/studien_programme/7.0/toolchain/avr8/avr8-gnu-toolchain/bin/../lib/gcc/avr/5.4.0/../../../../avr/lib/avr51\libm.a(cmpsf2.o)
 .data          0x00000000        0x0 c:/users/marek/documents/stralsund/studium - bachelor motorsport engineering/studien_programme/7.0/toolchain/avr8/avr8-gnu-toolchain/bin/../lib/gcc/avr/5.4.0/../../../../avr/lib/avr51\libm.a(cmpsf2.o)
 .bss           0x00000000        0x0 c:/users/marek/documents/stralsund/studium - bachelor motorsport engineering/studien_programme/7.0/toolchain/avr8/avr8-gnu-toolchain/bin/../lib/gcc/avr/5.4.0/../../../../avr/lib/avr51\libm.a(cmpsf2.o)
 .text          0x00000000        0x0 c:/users/marek/documents/stralsund/studium - bachelor motorsport engineering/studien_programme/7.0/toolchain/avr8/avr8-gnu-toolchain/bin/../lib/gcc/avr/5.4.0/../../../../avr/lib/avr51\libm.a(fixunssfsi.o)
 .data          0x00000000        0x0 c:/users/marek/documents/stralsund/studium - bachelor motorsport engineering/studien_programme/7.0/toolchain/avr8/avr8-gnu-toolchain/bin/../lib/gcc/avr/5.4.0/../../../../avr/lib/avr51\libm.a(fixunssfsi.o)
 .bss           0x00000000        0x0 c:/users/marek/documents/stralsund/studium - bachelor motorsport engineering/studien_programme/7.0/toolchain/avr8/avr8-gnu-toolchain/bin/../lib/gcc/avr/5.4.0/../../../../avr/lib/avr51\libm.a(fixunssfsi.o)
 .text          0x00000000        0x0 c:/users/marek/documents/stralsund/studium - bachelor motorsport engineering/studien_programme/7.0/toolchain/avr8/avr8-gnu-toolchain/bin/../lib/gcc/avr/5.4.0/../../../../avr/lib/avr51\libm.a(fp_cmp.o)
 .data          0x00000000        0x0 c:/users/marek/documents/stralsund/studium - bachelor motorsport engineering/studien_programme/7.0/toolchain/avr8/avr8-gnu-toolchain/bin/../lib/gcc/avr/5.4.0/../../../../avr/lib/avr51\libm.a(fp_cmp.o)
 .bss           0x00000000        0x0 c:/users/marek/documents/stralsund/studium - bachelor motorsport engineering/studien_programme/7.0/toolchain/avr8/avr8-gnu-toolchain/bin/../lib/gcc/avr/5.4.0/../../../../avr/lib/avr51\libm.a(fp_cmp.o)
 .text          0x00000000        0x0 c:/users/marek/documents/stralsund/studium - bachelor motorsport engineering/studien_programme/7.0/toolchain/avr8/avr8-gnu-toolchain/bin/../lib/gcc/avr/5.4.0/../../../../avr/lib/avr51\libm.a(fp_split3.o)
 .data          0x00000000        0x0 c:/users/marek/documents/stralsund/studium - bachelor motorsport engineering/studien_programme/7.0/toolchain/avr8/avr8-gnu-toolchain/bin/../lib/gcc/avr/5.4.0/../../../../avr/lib/avr51\libm.a(fp_split3.o)
 .bss           0x00000000        0x0 c:/users/marek/documents/stralsund/studium - bachelor motorsport engineering/studien_programme/7.0/toolchain/avr8/avr8-gnu-toolchain/bin/../lib/gcc/avr/5.4.0/../../../../avr/lib/avr51\libm.a(fp_split3.o)
 .text          0x00000000        0x0 c:/users/marek/documents/stralsund/studium - bachelor motorsport engineering/studien_programme/7.0/toolchain/avr8/avr8-gnu-toolchain/bin/../lib/gcc/avr/5.4.0/../../../../avr/lib/avr51\libm.a(fp_zero.o)
 .data          0x00000000        0x0 c:/users/marek/documents/stralsund/studium - bachelor motorsport engineering/studien_programme/7.0/toolchain/avr8/avr8-gnu-toolchain/bin/../lib/gcc/avr/5.4.0/../../../../avr/lib/avr51\libm.a(fp_zero.o)
 .bss           0x00000000        0x0 c:/users/marek/documents/stralsund/studium - bachelor motorsport engineering/studien_programme/7.0/toolchain/avr8/avr8-gnu-toolchain/bin/../lib/gcc/avr/5.4.0/../../../../avr/lib/avr51\libm.a(fp_zero.o)
 .text          0x00000000        0x0 c:/users/marek/documents/stralsund/studium - bachelor motorsport engineering/studien_programme/7.0/toolchain/avr8/avr8-gnu-toolchain/bin/../lib/gcc/avr/5.4.0/../../../../avr/lib/avr51\libm.a(gesf2.o)
 .data          0x00000000        0x0 c:/users/marek/documents/stralsund/studium - bachelor motorsport engineering/studien_programme/7.0/toolchain/avr8/avr8-gnu-toolchain/bin/../lib/gcc/avr/5.4.0/../../../../avr/lib/avr51\libm.a(gesf2.o)
 .bss           0x00000000        0x0 c:/users/marek/documents/stralsund/studium - bachelor motorsport engineering/studien_programme/7.0/toolchain/avr8/avr8-gnu-toolchain/bin/../lib/gcc/avr/5.4.0/../../../../avr/lib/avr51\libm.a(gesf2.o)
 .text          0x00000000        0x0 c:/users/marek/documents/stralsund/studium - bachelor motorsport engineering/studien_programme/7.0/toolchain/avr8/avr8-gnu-toolchain/bin/../lib/gcc/avr/5.4.0/../../../../avr/lib/avr51\libm.a(mulsf3.o)
 .data          0x00000000        0x0 c:/users/marek/documents/stralsund/studium - bachelor motorsport engineering/studien_programme/7.0/toolchain/avr8/avr8-gnu-toolchain/bin/../lib/gcc/avr/5.4.0/../../../../avr/lib/avr51\libm.a(mulsf3.o)
 .bss           0x00000000        0x0 c:/users/marek/documents/stralsund/studium - bachelor motorsport engineering/studien_programme/7.0/toolchain/avr8/avr8-gnu-toolchain/bin/../lib/gcc/avr/5.4.0/../../../../avr/lib/avr51\libm.a(mulsf3.o)
 .text          0x00000000        0x0 c:/users/marek/documents/stralsund/studium - bachelor motorsport engineering/studien_programme/7.0/toolchain/avr8/avr8-gnu-toolchain/bin/../lib/gcc/avr/5.4.0/../../../../avr/lib/avr51\libm.a(mulsf3x.o)
 .data          0x00000000        0x0 c:/users/marek/documents/stralsund/studium - bachelor motorsport engineering/studien_programme/7.0/toolchain/avr8/avr8-gnu-toolchain/bin/../lib/gcc/avr/5.4.0/../../../../avr/lib/avr51\libm.a(mulsf3x.o)
 .bss           0x00000000        0x0 c:/users/marek/documents/stralsund/studium - bachelor motorsport engineering/studien_programme/7.0/toolchain/avr8/avr8-gnu-toolchain/bin/../lib/gcc/avr/5.4.0/../../../../avr/lib/avr51\libm.a(mulsf3x.o)
 .text          0x00000000        0x0 c:/users/marek/documents/stralsund/studium - bachelor motorsport engineering/studien_programme/7.0/toolchain/avr8/avr8-gnu-toolchain/bin/../lib/gcc/avr/5.4.0/../../../../avr/lib/avr51\libm.a(fp_inf.o)
 .data          0x00000000        0x0 c:/users/marek/documents/stralsund/studium - bachelor motorsport engineering/studien_programme/7.0/toolchain/avr8/avr8-gnu-toolchain/bin/../lib/gcc/avr/5.4.0/../../../../avr/lib/avr51\libm.a(fp_inf.o)
 .bss           0x00000000        0x0 c:/users/marek/documents/stralsund/studium - bachelor motorsport engineering/studien_programme/7.0/toolchain/avr8/avr8-gnu-toolchain/bin/../lib/gcc/avr/5.4.0/../../../../avr/lib/avr51\libm.a(fp_inf.o)
 .text          0x00000000        0x0 c:/users/marek/documents/stralsund/studium - bachelor motorsport engineering/studien_programme/7.0/toolchain/avr8/avr8-gnu-toolchain/bin/../lib/gcc/avr/5.4.0/../../../../avr/lib/avr51\libm.a(fp_nan.o)
 .data          0x00000000        0x0 c:/users/marek/documents/stralsund/studium - bachelor motorsport engineering/studien_programme/7.0/toolchain/avr8/avr8-gnu-toolchain/bin/../lib/gcc/avr/5.4.0/../../../../avr/lib/avr51\libm.a(fp_nan.o)
 .bss           0x00000000        0x0 c:/users/marek/documents/stralsund/studium - bachelor motorsport engineering/studien_programme/7.0/toolchain/avr8/avr8-gnu-toolchain/bin/../lib/gcc/avr/5.4.0/../../../../avr/lib/avr51\libm.a(fp_nan.o)
 .text          0x00000000        0x0 c:/users/marek/documents/stralsund/studium - bachelor motorsport engineering/studien_programme/7.0/toolchain/avr8/avr8-gnu-toolchain/bin/../lib/gcc/avr/5.4.0/../../../../avr/lib/avr51\libm.a(fp_pscA.o)
 .data          0x00000000        0x0 c:/users/marek/documents/stralsund/studium - bachelor motorsport engineering/studien_programme/7.0/toolchain/avr8/avr8-gnu-toolchain/bin/../lib/gcc/avr/5.4.0/../../../../avr/lib/avr51\libm.a(fp_pscA.o)
 .bss           0x00000000        0x0 c:/users/marek/documents/stralsund/studium - bachelor motorsport engineering/studien_programme/7.0/toolchain/avr8/avr8-gnu-toolchain/bin/../lib/gcc/avr/5.4.0/../../../../avr/lib/avr51\libm.a(fp_pscA.o)
 .text          0x00000000        0x0 c:/users/marek/documents/stralsund/studium - bachelor motorsport engineering/studien_programme/7.0/toolchain/avr8/avr8-gnu-toolchain/bin/../lib/gcc/avr/5.4.0/../../../../avr/lib/avr51\libm.a(fp_pscB.o)
 .data          0x00000000        0x0 c:/users/marek/documents/stralsund/studium - bachelor motorsport engineering/studien_programme/7.0/toolchain/avr8/avr8-gnu-toolchain/bin/../lib/gcc/avr/5.4.0/../../../../avr/lib/avr51\libm.a(fp_pscB.o)
 .bss           0x00000000        0x0 c:/users/marek/documents/stralsund/studium - bachelor motorsport engineering/studien_programme/7.0/toolchain/avr8/avr8-gnu-toolchain/bin/../lib/gcc/avr/5.4.0/../../../../avr/lib/avr51\libm.a(fp_pscB.o)
 .text          0x00000000        0x0 c:/users/marek/documents/stralsund/studium - bachelor motorsport engineering/studien_programme/7.0/toolchain/avr8/avr8-gnu-toolchain/bin/../lib/gcc/avr/5.4.0/../../../../avr/lib/avr51\libm.a(fp_round.o)
 .data          0x00000000        0x0 c:/users/marek/documents/stralsund/studium - bachelor motorsport engineering/studien_programme/7.0/toolchain/avr8/avr8-gnu-toolchain/bin/../lib/gcc/avr/5.4.0/../../../../avr/lib/avr51\libm.a(fp_round.o)
 .bss           0x00000000        0x0 c:/users/marek/documents/stralsund/studium - bachelor motorsport engineering/studien_programme/7.0/toolchain/avr8/avr8-gnu-toolchain/bin/../lib/gcc/avr/5.4.0/../../../../avr/lib/avr51\libm.a(fp_round.o)
 .text          0x00000000        0x0 c:/users/marek/documents/stralsund/studium - bachelor motorsport engineering/studien_programme/7.0/toolchain/avr8/avr8-gnu-toolchain/bin/../lib/gcc/avr/5.4.0/avr51\libgcc.a(_exit.o)
 .data          0x00000000        0x0 c:/users/marek/documents/stralsund/studium - bachelor motorsport engineering/studien_programme/7.0/toolchain/avr8/avr8-gnu-toolchain/bin/../lib/gcc/avr/5.4.0/avr51\libgcc.a(_exit.o)
 .bss           0x00000000        0x0 c:/users/marek/documents/stralsund/studium - bachelor motorsport engineering/studien_programme/7.0/toolchain/avr8/avr8-gnu-toolchain/bin/../lib/gcc/avr/5.4.0/avr51\libgcc.a(_exit.o)
 .text.libgcc.mul
                0x00000000        0x0 c:/users/marek/documents/stralsund/studium - bachelor motorsport engineering/studien_programme/7.0/toolchain/avr8/avr8-gnu-toolchain/bin/../lib/gcc/avr/5.4.0/avr51\libgcc.a(_exit.o)
 .text.libgcc.div
                0x00000000        0x0 c:/users/marek/documents/stralsund/studium - bachelor motorsport engineering/studien_programme/7.0/toolchain/avr8/avr8-gnu-toolchain/bin/../lib/gcc/avr/5.4.0/avr51\libgcc.a(_exit.o)
 .text.libgcc   0x00000000        0x0 c:/users/marek/documents/stralsund/studium - bachelor motorsport engineering/studien_programme/7.0/toolchain/avr8/avr8-gnu-toolchain/bin/../lib/gcc/avr/5.4.0/avr51\libgcc.a(_exit.o)
 .text.libgcc.prologue
                0x00000000        0x0 c:/users/marek/documents/stralsund/studium - bachelor motorsport engineering/studien_programme/7.0/toolchain/avr8/avr8-gnu-toolchain/bin/../lib/gcc/avr/5.4.0/avr51\libgcc.a(_exit.o)
 .text.libgcc.builtins
                0x00000000        0x0 c:/users/marek/documents/stralsund/studium - bachelor motorsport engineering/studien_programme/7.0/toolchain/avr8/avr8-gnu-toolchain/bin/../lib/gcc/avr/5.4.0/avr51\libgcc.a(_exit.o)
 .text.libgcc.fmul
                0x00000000        0x0 c:/users/marek/documents/stralsund/studium - bachelor motorsport engineering/studien_programme/7.0/toolchain/avr8/avr8-gnu-toolchain/bin/../lib/gcc/avr/5.4.0/avr51\libgcc.a(_exit.o)
 .text.libgcc.fixed
                0x00000000        0x0 c:/users/marek/documents/stralsund/studium - bachelor motorsport engineering/studien_programme/7.0/toolchain/avr8/avr8-gnu-toolchain/bin/../lib/gcc/avr/5.4.0/avr51\libgcc.a(_exit.o)
 .text          0x00000000        0x0 c:/users/marek/documents/stralsund/studium - bachelor motorsport engineering/studien_programme/7.0/toolchain/avr8/avr8-gnu-toolchain/bin/../lib/gcc/avr/5.4.0/avr51\libgcc.a(_clear_bss.o)
 .data          0x00000000        0x0 c:/users/marek/documents/stralsund/studium - bachelor motorsport engineering/studien_programme/7.0/toolchain/avr8/avr8-gnu-toolchain/bin/../lib/gcc/avr/5.4.0/avr51\libgcc.a(_clear_bss.o)
 .bss           0x00000000        0x0 c:/users/marek/documents/stralsund/studium - bachelor motorsport engineering/studien_programme/7.0/toolchain/avr8/avr8-gnu-toolchain/bin/../lib/gcc/avr/5.4.0/avr51\libgcc.a(_clear_bss.o)
 .text.libgcc.mul
                0x00000000        0x0 c:/users/marek/documents/stralsund/studium - bachelor motorsport engineering/studien_programme/7.0/toolchain/avr8/avr8-gnu-toolchain/bin/../lib/gcc/avr/5.4.0/avr51\libgcc.a(_clear_bss.o)
 .text.libgcc.div
                0x00000000        0x0 c:/users/marek/documents/stralsund/studium - bachelor motorsport engineering/studien_programme/7.0/toolchain/avr8/avr8-gnu-toolchain/bin/../lib/gcc/avr/5.4.0/avr51\libgcc.a(_clear_bss.o)
 .text.libgcc   0x00000000        0x0 c:/users/marek/documents/stralsund/studium - bachelor motorsport engineering/studien_programme/7.0/toolchain/avr8/avr8-gnu-toolchain/bin/../lib/gcc/avr/5.4.0/avr51\libgcc.a(_clear_bss.o)
 .text.libgcc.prologue
                0x00000000        0x0 c:/users/marek/documents/stralsund/studium - bachelor motorsport engineering/studien_programme/7.0/toolchain/avr8/avr8-gnu-toolchain/bin/../lib/gcc/avr/5.4.0/avr51\libgcc.a(_clear_bss.o)
 .text.libgcc.builtins
                0x00000000        0x0 c:/users/marek/documents/stralsund/studium - bachelor motorsport engineering/studien_programme/7.0/toolchain/avr8/avr8-gnu-toolchain/bin/../lib/gcc/avr/5.4.0/avr51\libgcc.a(_clear_bss.o)
 .text.libgcc.fmul
                0x00000000        0x0 c:/users/marek/documents/stralsund/studium - bachelor motorsport engineering/studien_programme/7.0/toolchain/avr8/avr8-gnu-toolchain/bin/../lib/gcc/avr/5.4.0/avr51\libgcc.a(_clear_bss.o)
 .text.libgcc.fixed
                0x00000000        0x0 c:/users/marek/documents/stralsund/studium - bachelor motorsport engineering/studien_programme/7.0/toolchain/avr8/avr8-gnu-toolchain/bin/../lib/gcc/avr/5.4.0/avr51\libgcc.a(_clear_bss.o)

Memory Configuration

Name             Origin             Length             Attributes
text             0x00000000         0x00020000         xr
data             0x00800100         0x00001000         rw !x
eeprom           0x00810000         0x00001000         rw !x
fuse             0x00820000         0x00000003         rw !x
lock             0x00830000         0x00000400         rw !x
signature        0x00840000         0x00000400         rw !x
user_signatures  0x00850000         0x00000400         rw !x
*default*        0x00000000         0xffffffff

Linker script and memory map

Address of section .data set to 0x800100
LOAD C:/Users/Marek/Documents/Stralsund/Studium - Bachelor Motorsport Engineering/Studien_Programme/7.0/Packs/atmel/ATmega_DFP/1.7.374/gcc/dev/at90can128/avr51/crtat90can128.o
LOAD adc_functions.o
LOAD canlib.o
LOAD main.o
LOAD misc_functions.o
LOAD SPI_lib_light.o
START GROUP
LOAD c:/users/marek/documents/stralsund/studium - bachelor motorsport engineering/studien_programme/7.0/toolchain/avr8/avr8-gnu-toolchain/bin/../lib/gcc/avr/5.4.0/../../../../avr/lib/avr51\libm.a
END GROUP
START GROUP
LOAD c:/users/marek/documents/stralsund/studium - bachelor motorsport engineering/studien_programme/7.0/toolchain/avr8/avr8-gnu-toolchain/bin/../lib/gcc/avr/5.4.0/avr51\libgcc.a
LOAD c:/users/marek/documents/stralsund/studium - bachelor motorsport engineering/studien_programme/7.0/toolchain/avr8/avr8-gnu-toolchain/bin/../lib/gcc/avr/5.4.0/../../../../avr/lib/avr51\libm.a
LOAD c:/users/marek/documents/stralsund/studium - bachelor motorsport engineering/studien_programme/7.0/toolchain/avr8/avr8-gnu-toolchain/bin/../lib/gcc/avr/5.4.0/../../../../avr/lib/avr51\libc.a
LOAD C:/Users/Marek/Documents/Stralsund/Studium - Bachelor Motorsport Engineering/Studien_Programme/7.0/Packs/atmel/ATmega_DFP/1.7.374/gcc/dev/at90can128/avr51\libat90can128.a
END GROUP
                0x00000000                __TEXT_REGION_ORIGIN__ = DEFINED (__TEXT_REGION_ORIGIN__)?__TEXT_REGION_ORIGIN__:0x0
                [0x00800100]                __DATA_REGION_ORIGIN__ = DEFINED (__DATA_REGION_ORIGIN__)?__DATA_REGION_ORIGIN__:0x800100
                [0x00020000]                __TEXT_REGION_LENGTH__ = DEFINED (__TEXT_REGION_LENGTH__)?__TEXT_REGION_LENGTH__:0x20000
                [0x00001000]                __DATA_REGION_LENGTH__ = DEFINED (__DATA_REGION_LENGTH__)?__DATA_REGION_LENGTH__:0xff00
                [0x00001000]                __EEPROM_REGION_LENGTH__ = DEFINED (__EEPROM_REGION_LENGTH__)?__EEPROM_REGION_LENGTH__:0x10000
                [0x00000003]                __FUSE_REGION_LENGTH__ = DEFINED (__FUSE_REGION_LENGTH__)?__FUSE_REGION_LENGTH__:0x400
                0x00000400                __LOCK_REGION_LENGTH__ = DEFINED (__LOCK_REGION_LENGTH__)?__LOCK_REGION_LENGTH__:0x400
                0x00000400                __SIGNATURE_REGION_LENGTH__ = DEFINED (__SIGNATURE_REGION_LENGTH__)?__SIGNATURE_REGION_LENGTH__:0x400
                0x00000400                __USER_SIGNATURE_REGION_LENGTH__ = DEFINED (__USER_SIGNATURE_REGION_LENGTH__)?__USER_SIGNATURE_REGION_LENGTH__:0x400

.hash
 *(.hash)

.dynsym
 *(.dynsym)

.dynstr
 *(.dynstr)

.gnu.version
 *(.gnu.version)

.gnu.version_d
 *(.gnu.version_d)

.gnu.version_r
 *(.gnu.version_r)

.rel.init
 *(.rel.init)

.rela.init
 *(.rela.init)

.rel.text
 *(.rel.text)
 *(.rel.text.*)
 *(.rel.gnu.linkonce.t*)

.rela.text
 *(.rela.text)
 *(.rela.text.*)
 *(.rela.gnu.linkonce.t*)

.rel.fini
 *(.rel.fini)

.rela.fini
 *(.rela.fini)

.rel.rodata
 *(.rel.rodata)
 *(.rel.rodata.*)
 *(.rel.gnu.linkonce.r*)

.rela.rodata
 *(.rela.rodata)
 *(.rela.rodata.*)
 *(.rela.gnu.linkonce.r*)

.rel.data
 *(.rel.data)
 *(.rel.data.*)
 *(.rel.gnu.linkonce.d*)

.rela.data
 *(.rela.data)
 *(.rela.data.*)
 *(.rela.gnu.linkonce.d*)

.rel.ctors
 *(.rel.ctors)

.rela.ctors
 *(.rela.ctors)

.rel.dtors
 *(.rel.dtors)

.rela.dtors
 *(.rela.dtors)

.rel.got
 *(.rel.got)

.rela.got
 *(.rela.got)

.rel.bss
 *(.rel.bss)

.rela.bss
 *(.rela.bss)

.rel.plt
 *(.rel.plt)

.rela.plt
 *(.rela.plt)

.text           0x00000000      0x762
 *(.vectors)
 .vectors       0x00000000       0x94 C:/Users/Marek/Documents/Stralsund/Studium - Bachelor Motorsport Engineering/Studien_Programme/7.0/Packs/atmel/ATmega_DFP/1.7.374/gcc/dev/at90can128/avr51/crtat90can128.o
                0x00000000                __vector_default
                0x00000000                __vectors
 *(.vectors)
 *(.progmem.gcc*)
                0x00000094                . = ALIGN (0x2)
                0x00000094                __trampolines_start = .
 *(.trampolines)
 .trampolines   0x00000094        0x0 linker stubs
 *(.trampolines*)
                0x00000094                __trampolines_end = .
 *libprintf_flt.a:*(.progmem.data)
 *libc.a:*(.progmem.data)
 *(.progmem*)
                0x00000094                . = ALIGN (0x2)
 *(.jumptables)
 *(.jumptables*)
 *(.lowtext)
 *(.lowtext*)
                0x00000094                __ctors_start = .
 *(.ctors)
                0x00000094                __ctors_end = .
                0x00000094                __dtors_start = .
 *(.dtors)
                0x00000094                __dtors_end = .
 SORT(*)(.ctors)
 SORT(*)(.dtors)
 *(.init0)
 .init0         0x00000094        0x0 C:/Users/Marek/Documents/Stralsund/Studium - Bachelor Motorsport Engineering/Studien_Programme/7.0/Packs/atmel/ATmega_DFP/1.7.374/gcc/dev/at90can128/avr51/crtat90can128.o
                0x00000094                __init
 *(.init0)
 *(.init1)
 *(.init1)
 *(.init2)
 .init2         0x00000094        0xc C:/Users/Marek/Documents/Stralsund/Studium - Bachelor Motorsport Engineering/Studien_Programme/7.0/Packs/atmel/ATmega_DFP/1.7.374/gcc/dev/at90can128/avr51/crtat90can128.o
 *(.init2)
 *(.init3)
 *(.init3)
 *(.init4)
 .init4         0x000000a0       0x10 c:/users/marek/documents/stralsund/studium - bachelor motorsport engineering/studien_programme/7.0/toolchain/avr8/avr8-gnu-toolchain/bin/../lib/gcc/avr/5.4.0/avr51\libgcc.a(_clear_bss.o)
                0x000000a0                __do_clear_bss
 *(.init4)
 *(.init5)
 *(.init5)
 *(.init6)
 *(.init6)
 *(.init7)
 *(.init7)
 *(.init8)
 *(.init8)
 *(.init9)
 .init9         0x000000b0        0x4 C:/Users/Marek/Documents/Stralsund/Studium - Bachelor Motorsport Engineering/Studien_Programme/7.0/Packs/atmel/ATmega_DFP/1.7.374/gcc/dev/at90can128/avr51/crtat90can128.o
 *(.init9)
 *(.text)
 .text          0x000000b4        0x2 C:/Users/Marek/Documents/Stralsund/Studium - Bachelor Motorsport Engineering/Studien_Programme/7.0/Packs/atmel/ATmega_DFP/1.7.374/gcc/dev/at90can128/avr51/crtat90can128.o
                0x000000b4                __vector_22
                0x000000b4                __vector_28
                0x000000b4                __vector_1
                0x000000b4                __vector_32
                0x000000b4                __vector_34
                0x000000b4                __vector_24
                0x000000b4                __vector_12
                0x000000b4                __bad_interrupt
                0x000000b4                __vector_6
                0x000000b4                __vector_31
                0x000000b4                __vector_35
                0x000000b4                __vector_3
                0x000000b4                __vector_23
                0x000000b4                __vector_30
                0x000000b4                __vector_11
                0x000000b4                __vector_13
                0x000000b4                __vector_17
                0x000000b4                __vector_19
                0x000000b4                __vector_7
                0x000000b4                __vector_27
                0x000000b4                __vector_5
                0x000000b4                __vector_33
                0x000000b4                __vector_4
                0x000000b4                __vector_9
                0x000000b4                __vector_2
                0x000000b4                __vector_21
                0x000000b4                __vector_15
                0x000000b4                __vector_36
                0x000000b4                __vector_29
                0x000000b4                __vector_8
                0x000000b4                __vector_26
                0x000000b4                __vector_14
                0x000000b4                __vector_10
                0x000000b4                __vector_18
                0x000000b4                __vector_20
                0x000000b6                . = ALIGN (0x2)
 *(.text.*)
 .text.__vector_25
                0x000000b6       0x8e adc_functions.o
                0x000000b6                __vector_25
 .text.main     0x00000144      0x29c main.o
                0x00000144                main
 .text.port_config
                0x000003e0       0x4e misc_functions.o
                0x000003e0                port_config
 .text.sys_tick_heart
                0x0000042e       0x24 misc_functions.o
                0x0000042e                sys_tick_heart
 .text.sys_timer_config
                0x00000452       0x2e misc_functions.o
                0x00000452                sys_timer_config
 .text.__vector_16
                0x00000480       0x5c misc_functions.o
                0x00000480                __vector_16
 .text.SPI_MasterInit
                0x000004dc       0x6a SPI_lib_light.o
                0x000004dc                SPI_MasterInit
 .text.avr-libc.fplib
                0x00000546        0x8 c:/users/marek/documents/stralsund/studium - bachelor motorsport engineering/studien_programme/7.0/toolchain/avr8/avr8-gnu-toolchain/bin/../lib/gcc/avr/5.4.0/../../../../avr/lib/avr51\libm.a(cmpsf2.o)
                0x00000546                __nesf2
                0x00000546                __eqsf2
                0x00000546                __cmpsf2
                0x00000546                __ltsf2
                0x00000546                __lesf2
 .text.avr-libc.fplib
                0x0000054e       0x58 c:/users/marek/documents/stralsund/studium - bachelor motorsport engineering/studien_programme/7.0/toolchain/avr8/avr8-gnu-toolchain/bin/../lib/gcc/avr/5.4.0/../../../../avr/lib/avr51\libm.a(fixunssfsi.o)
                0x0000054e                __fixunssfsi
 .text.avr-libc.fplib
                0x000005a6       0x48 c:/users/marek/documents/stralsund/studium - bachelor motorsport engineering/studien_programme/7.0/toolchain/avr8/avr8-gnu-toolchain/bin/../lib/gcc/avr/5.4.0/../../../../avr/lib/avr51\libm.a(fp_cmp.o)
                0x000005a6                __fp_cmp
 .text.avr-libc.fplib
                0x000005ee       0x44 c:/users/marek/documents/stralsund/studium - bachelor motorsport engineering/studien_programme/7.0/toolchain/avr8/avr8-gnu-toolchain/bin/../lib/gcc/avr/5.4.0/../../../../avr/lib/avr51\libm.a(fp_split3.o)
                0x000005ee                __fp_split3
                0x000005fe                __fp_splitA
 .text.avr-libc.fplib
                0x00000632        0xe c:/users/marek/documents/stralsund/studium - bachelor motorsport engineering/studien_programme/7.0/toolchain/avr8/avr8-gnu-toolchain/bin/../lib/gcc/avr/5.4.0/../../../../avr/lib/avr51\libm.a(fp_zero.o)
                0x00000632                __fp_zero
                0x00000634                __fp_szero
 .text.avr-libc.fplib
                0x00000640        0x8 c:/users/marek/documents/stralsund/studium - bachelor motorsport engineering/studien_programme/7.0/toolchain/avr8/avr8-gnu-toolchain/bin/../lib/gcc/avr/5.4.0/../../../../avr/lib/avr51\libm.a(gesf2.o)
                0x00000640                __gesf2
                0x00000640                __gtsf2
 .text.avr-libc.fplib
                0x00000648        0x4 c:/users/marek/documents/stralsund/studium - bachelor motorsport engineering/studien_programme/7.0/toolchain/avr8/avr8-gnu-toolchain/bin/../lib/gcc/avr/5.4.0/../../../../avr/lib/avr51\libm.a(mulsf3.o)
                0x00000648                __mulsf3
 .text.avr-libc.fplib
                0x0000064c       0xc2 c:/users/marek/documents/stralsund/studium - bachelor motorsport engineering/studien_programme/7.0/toolchain/avr8/avr8-gnu-toolchain/bin/../lib/gcc/avr/5.4.0/../../../../avr/lib/avr51\libm.a(mulsf3x.o)
                0x00000660                __mulsf3x
                0x00000664                __mulsf3_pse
 .text.avr-libc.fplib
                0x0000070e        0xc c:/users/marek/documents/stralsund/studium - bachelor motorsport engineering/studien_programme/7.0/toolchain/avr8/avr8-gnu-toolchain/bin/../lib/gcc/avr/5.4.0/../../../../avr/lib/avr51\libm.a(fp_inf.o)
                0x0000070e                __fp_inf
 .text.avr-libc.fplib
                0x0000071a        0x6 c:/users/marek/documents/stralsund/studium - bachelor motorsport engineering/studien_programme/7.0/toolchain/avr8/avr8-gnu-toolchain/bin/../lib/gcc/avr/5.4.0/../../../../avr/lib/avr51\libm.a(fp_nan.o)
                0x0000071a                __fp_nan
 .text.avr-libc.fplib
                0x00000720        0xe c:/users/marek/documents/stralsund/studium - bachelor motorsport engineering/studien_programme/7.0/toolchain/avr8/avr8-gnu-toolchain/bin/../lib/gcc/avr/5.4.0/../../../../avr/lib/avr51\libm.a(fp_pscA.o)
                0x00000720                __fp_pscA
 .text.avr-libc.fplib
                0x0000072e        0xe c:/users/marek/documents/stralsund/studium - bachelor motorsport engineering/studien_programme/7.0/toolchain/avr8/avr8-gnu-toolchain/bin/../lib/gcc/avr/5.4.0/../../../../avr/lib/avr51\libm.a(fp_pscB.o)
                0x0000072e                __fp_pscB
 .text.avr-libc.fplib
                0x0000073c       0x22 c:/users/marek/documents/stralsund/studium - bachelor motorsport engineering/studien_programme/7.0/toolchain/avr8/avr8-gnu-toolchain/bin/../lib/gcc/avr/5.4.0/../../../../avr/lib/avr51\libm.a(fp_round.o)
                0x0000073c                __fp_round
                0x0000075e                . = ALIGN (0x2)
 *(.fini9)
 .fini9         0x0000075e        0x0 c:/users/marek/documents/stralsund/studium - bachelor motorsport engineering/studien_programme/7.0/toolchain/avr8/avr8-gnu-toolchain/bin/../lib/gcc/avr/5.4.0/avr51\libgcc.a(_exit.o)
                0x0000075e                _exit
                0x0000075e                exit
 *(.fini9)
 *(.fini8)
 *(.fini8)
 *(.fini7)
 *(.fini7)
 *(.fini6)
 *(.fini6)
 *(.fini5)
 *(.fini5)
 *(.fini4)
 *(.fini4)
 *(.fini3)
 *(.fini3)
 *(.fini2)
 *(.fini2)
 *(.fini1)
 *(.fini1)
 *(.fini0)
 .fini0         0x0000075e        0x4 c:/users/marek/documents/stralsund/studium - bachelor motorsport engineering/studien_programme/7.0/toolchain/avr8/avr8-gnu-toolchain/bin/../lib/gcc/avr/5.4.0/avr51\libgcc.a(_exit.o)
 *(.fini0)
                0x00000762                _etext = .

.data           0x00800100        0x0 load address 0x00000762
                [!provide]                PROVIDE (__data_start, .)
 *(.data)
 *(.data*)
 *(.gnu.linkonce.d*)
 *(.rodata)
 *(.rodata*)
 *(.gnu.linkonce.r*)
                0x00800100                . = ALIGN (0x2)
                0x00800100                _edata = .
                [!provide]                PROVIDE (__data_end, .)

.bss            0x00800100       0x19
                0x00800100                PROVIDE (__bss_start, .)
 *(.bss)
 *(.bss*)
 .bss.adc_next  0x00800100        0x1 adc_functions.o
                0x00800100                adc_next
 .bss.time_1ms  0x00800101        0x4 main.o
                0x00800101                time_1ms
 .bss.time_10ms
                0x00800105        0x4 main.o
                0x00800105                time_10ms
 .bss.time_100ms
                0x00800109        0x4 main.o
                0x00800109                time_100ms
 .bss.time_200ms
                0x0080010d        0x4 main.o
                0x0080010d                time_200ms
 .bss.sys_time  0x00800111        0x4 misc_functions.o
                0x00800111                sys_time
 *(COMMON)
 COMMON         0x00800115        0x2 adc_functions.o
                0x00800115                adc_values
 COMMON         0x00800117        0x2 main.o
                0x00800117                brake_disc_temp
                0x00800119                PROVIDE (__bss_end, .)
                0x00000762                __data_load_start = LOADADDR (.data)
                0x00000762                __data_load_end = (__data_load_start + SIZEOF (.data))

.noinit         0x00800119        0x0
                [!provide]                PROVIDE (__noinit_start, .)
 *(.noinit*)
                [!provide]                PROVIDE (__noinit_end, .)
                0x00800119                _end = .
                [!provide]                PROVIDE (__heap_start, .)

.eeprom         0x00810000        0x0
 *(.eeprom*)
                0x00810000                __eeprom_end = .

.fuse
 *(.fuse)
 *(.lfuse)
 *(.hfuse)
 *(.efuse)

.lock
 *(.lock*)

.signature
 *(.signature*)

.user_signatures
 *(.user_signatures*)

.stab
 *(.stab)

.stabstr
 *(.stabstr)

.stab.excl
 *(.stab.excl)

.stab.exclstr
 *(.stab.exclstr)

.stab.index
 *(.stab.index)

.stab.indexstr
 *(.stab.indexstr)

.comment        0x00000000       0x30
 *(.comment)
 .comment       0x00000000       0x30 adc_functions.o
                                 0x31 (size before relaxing)
 .comment       0x00000030       0x31 main.o
 .comment       0x00000030       0x31 misc_functions.o
 .comment       0x00000030       0x31 SPI_lib_light.o

.note.gnu.avr.deviceinfo
                0x00000000       0x40
 .note.gnu.avr.deviceinfo
                0x00000000       0x40 C:/Users/Marek/Documents/Stralsund/Studium - Bachelor Motorsport Engineering/Studien_Programme/7.0/Packs/atmel/ATmega_DFP/1.7.374/gcc/dev/at90can128/avr51/crtat90can128.o

.note.gnu.build-id
 *(.note.gnu.build-id)

.debug
 *(.debug)

.line
 *(.line)

.debug_srcinfo
 *(.debug_srcinfo)

.debug_sfnames
 *(.debug_sfnames)

.debug_aranges  0x00000000       0xc0
 *(.debug_aranges)
 .debug_aranges
                0x00000000       0x38 adc_functions.o
 .debug_aranges
                0x00000038       0x20 main.o
 .debug_aranges
                0x00000058       0x38 misc_functions.o
 .debug_aranges
                0x00000090       0x30 SPI_lib_light.o

.debug_pubnames
 *(.debug_pubnames)

.debug_info     0x00000000      0xe9a
 *(.debug_info .gnu.linkonce.wi.*)
 .debug_info    0x00000000      0xa2d C:/Users/Marek/Documents/Stralsund/Studium - Bachelor Motorsport Engineering/Studien_Programme/7.0/Packs/atmel/ATmega_DFP/1.7.374/gcc/dev/at90can128/avr51/crtat90can128.o
 .debug_info    0x00000a2d      0x10c adc_functions.o
 .debug_info    0x00000b39      0x1cf main.o
 .debug_info    0x00000d08       0xd9 misc_functions.o
 .debug_info    0x00000de1       0xb9 SPI_lib_light.o

.debug_abbrev   0x00000000      0xc26
 *(.debug_abbrev)
 .debug_abbrev  0x00000000      0x9a0 C:/Users/Marek/Documents/Stralsund/Studium - Bachelor Motorsport Engineering/Studien_Programme/7.0/Packs/atmel/ATmega_DFP/1.7.374/gcc/dev/at90can128/avr51/crtat90can128.o
 .debug_abbrev  0x000009a0       0xa2 adc_functions.o
 .debug_abbrev  0x00000a42       0xe4 main.o
 .debug_abbrev  0x00000b26       0x7f misc_functions.o
 .debug_abbrev  0x00000ba5       0x81 SPI_lib_light.o

.debug_line     0x00000000      0x7fc
 *(.debug_line .debug_line.* .debug_line_end)
 .debug_line    0x00000000      0x176 C:/Users/Marek/Documents/Stralsund/Studium - Bachelor Motorsport Engineering/Studien_Programme/7.0/Packs/atmel/ATmega_DFP/1.7.374/gcc/dev/at90can128/avr51/crtat90can128.o
 .debug_line    0x00000176      0x16f adc_functions.o
 .debug_line    0x000002e5      0x248 main.o
 .debug_line    0x0000052d      0x170 misc_functions.o
 .debug_line    0x0000069d      0x15f SPI_lib_light.o

.debug_frame    0x00000000      0x228
 *(.debug_frame)
 .debug_frame   0x00000000       0xbc adc_functions.o
 .debug_frame   0x000000bc       0x48 main.o
 .debug_frame   0x00000104       0xb0 misc_functions.o
 .debug_frame   0x000001b4       0x74 SPI_lib_light.o

.debug_str      0x00000000      0x658
 *(.debug_str)
 .debug_str     0x00000000      0x39f C:/Users/Marek/Documents/Stralsund/Studium - Bachelor Motorsport Engineering/Studien_Programme/7.0/Packs/atmel/ATmega_DFP/1.7.374/gcc/dev/at90can128/avr51/crtat90can128.o
 .debug_str     0x0000039f      0x18f adc_functions.o
                                0x1c3 (size before relaxing)
 .debug_str     0x0000052e       0x99 main.o
                                0x1f4 (size before relaxing)
 .debug_str     0x000005c7       0x4e misc_functions.o
                                0x1a9 (size before relaxing)
 .debug_str     0x00000615       0x43 SPI_lib_light.o
                                0x19a (size before relaxing)

.debug_loc      0x00000000      0x3ba
 *(.debug_loc)
 .debug_loc     0x00000000      0x154 adc_functions.o
 .debug_loc     0x00000154       0x7b main.o
 .debug_loc     0x000001cf      0x13a misc_functions.o
 .debug_loc     0x00000309       0xb1 SPI_lib_light.o

.debug_macinfo
 *(.debug_macinfo)

.debug_weaknames
 *(.debug_weaknames)

.debug_funcnames
 *(.debug_funcnames)

.debug_typenames
 *(.debug_typenames)

.debug_varnames
 *(.debug_varnames)

.debug_pubtypes
 *(.debug_pubtypes)

.debug_ranges   0x00000000       0x80
 *(.debug_ranges)
 .debug_ranges  0x00000000       0x28 adc_functions.o
 .debug_ranges  0x00000028       0x10 main.o
 .debug_ranges  0x00000038       0x28 misc_functions.o
 .debug_ranges  0x00000060       0x20 SPI_lib_light.o

.debug_macro
 *(.debug_macro)
OUTPUT(UAC_Test.elf elf32-avr)
LOAD linker stubs
